// Jest Snapshot v1, https://goo.gl/fbAQLP

exports[`About snapshot 1`] = `
Object {
  "asFragment": [Function],
  "baseElement": <body>
    <div>
      <div
        class="about"
      >
        <h1>
          Немного о 
          <span>
            нашем
          </span>
           сервисе
        </h1>
        <p
          class="about__launched"
        >
          Сервис был запущен в 2023 году с целью упрощения поиска конференций для студентов различных направлений и профессионалов своего дела
        </p>
        <div
          class="about__timeline"
        >
          <div>
            <img
              alt=""
              src="Step.svg"
            />
            <div
              class="about__timeline-card"
            >
              <p>
                Январь 2023
              </p>
              <br />
              <ul>
                <li>
                  Формирование ТЗ
                </li>
                <li>
                  UX исследование
                </li>
                <li>
                  Исследование на возможность парсинга данных
                </li>
              </ul>
            </div>
          </div>
          <div>
            <img
              alt=""
              src="Step.svg"
            />
            <div
              class="about__timeline-card"
            >
              <p>
                Февраль 2023
              </p>
              <br />
              <ul>
                <li>
                  Верстка страниц, календаря, фильтров
                </li>
                <li>
                  Формирование БД
                </li>
                <li>
                   Отрисовка иллюстраций
                </li>
                <li>
                   Интеграция фронта с беком
                </li>
              </ul>
            </div>
          </div>
          <div>
            <img
              alt=""
              src="Step.svg"
            />
            <div
              class="about__timeline-card last"
            >
              <p>
                Март 2023
              </p>
              <br />
              <ul>
                <li>
                  Регистрация домена
                </li>
                <li>
                  Тестирование
                </li>
                <li>
                  Верстка адаптива
                </li>
                <li>
                  Работа с багами
                </li>
                <li>
                  Запуск прод версии
                </li>
              </ul>
            </div>
          </div>
        </div>
        <div
          class="about__staff"
        >
          <h1>
            Создатели 
            <span>
              The Conference
            </span>
          </h1>
          <h2>
            Руководство
          </h2>
          <div
            class="about__staff-container"
          >
            <div
              class="about__staff-founders"
            >
              <div
                class="about__staff-founders-pic"
              >
                <img
                  alt="фото"
                  height="300"
                  src="Peregudov.webp"
                  width="300"
                />
              </div>
              <div
                class="role"
              >
                Project Manager
              </div>
              <div
                class="name"
              >
                <p>
                  Сергей Перегудов
                </p>
                <svg
                  fill="none"
                  height="10"
                  viewBox="0 0 6 10"
                  width="6"
                  xmlns="http://www.w3.org/2000/svg"
                >
                  <path
                    d="M0.999779 9.75002C0.807779 9.75002 0.61575 9.67705 0.46975 9.53005C0.17675 9.23705 0.17675 8.76202 0.46975 8.46902L3.93972 4.99905L0.46975 1.52908C0.17675 1.23608 0.17675 0.761041 0.46975 0.468041C0.76275 0.175041 1.23779 0.175041 1.53079 0.468041L5.53079 4.46804C5.82379 4.76104 5.82379 5.23608 5.53079 5.52908L1.53079 9.52908C1.38379 9.67708 1.19178 9.75002 0.999779 9.75002Z"
                    fill="#00002E"
                  />
                </svg>
              </div>
            </div>
            <div
              class="about__staff-founders"
            >
              <div
                class="about__staff-founders-pic"
              >
                <img
                  alt="фото"
                  height="300"
                  src="Semenova.webp"
                  width="300"
                />
              </div>
              <div
                class="role"
              >
                Project Manager
              </div>
              <div
                class="name"
              >
                <p>
                  Татьяна Семёнова
                </p>
                <svg
                  fill="none"
                  height="10"
                  viewBox="0 0 6 10"
                  width="6"
                  xmlns="http://www.w3.org/2000/svg"
                >
                  <path
                    d="M0.999779 9.75002C0.807779 9.75002 0.61575 9.67705 0.46975 9.53005C0.17675 9.23705 0.17675 8.76202 0.46975 8.46902L3.93972 4.99905L0.46975 1.52908C0.17675 1.23608 0.17675 0.761041 0.46975 0.468041C0.76275 0.175041 1.23779 0.175041 1.53079 0.468041L5.53079 4.46804C5.82379 4.76104 5.82379 5.23608 5.53079 5.52908L1.53079 9.52908C1.38379 9.67708 1.19178 9.75002 0.999779 9.75002Z"
                    fill="#00002E"
                  />
                </svg>
              </div>
            </div>
            <div
              class="about__staff-founders"
            >
              <div
                class="about__staff-founders-pic"
              >
                <img
                  alt="фото"
                  height="300"
                  src="Krainov.webp"
                  width="300"
                />
              </div>
              <div
                class="role"
              >
                Project Mentor
              </div>
              <div
                class="name"
              >
                <p>
                  Кирилл Крайнов
                </p>
                <svg
                  fill="none"
                  height="10"
                  viewBox="0 0 6 10"
                  width="6"
                  xmlns="http://www.w3.org/2000/svg"
                >
                  <path
                    d="M0.999779 9.75002C0.807779 9.75002 0.61575 9.67705 0.46975 9.53005C0.17675 9.23705 0.17675 8.76202 0.46975 8.46902L3.93972 4.99905L0.46975 1.52908C0.17675 1.23608 0.17675 0.761041 0.46975 0.468041C0.76275 0.175041 1.23779 0.175041 1.53079 0.468041L5.53079 4.46804C5.82379 4.76104 5.82379 5.23608 5.53079 5.52908L1.53079 9.52908C1.38379 9.67708 1.19178 9.75002 0.999779 9.75002Z"
                    fill="#00002E"
                  />
                </svg>
              </div>
            </div>
          </div>
          <h2>
            Разработчики
          </h2>
          <div
            class="about__staff-container"
          >
            <div
              class="about__staff-founders"
            >
              <div
                class="about__staff-founders-pic"
              >
                <img
                  alt="фото"
                  height="300"
                  src="Fromm.webp"
                  width="300"
                />
              </div>
              <div
                class="role"
              >
                UX/UI
              </div>
              <div
                class="name"
              >
                <p>
                  Марк Игнатьев
                </p>
                <svg
                  fill="none"
                  height="10"
                  viewBox="0 0 6 10"
                  width="6"
                  xmlns="http://www.w3.org/2000/svg"
                >
                  <path
                    d="M0.999779 9.75002C0.807779 9.75002 0.61575 9.67705 0.46975 9.53005C0.17675 9.23705 0.17675 8.76202 0.46975 8.46902L3.93972 4.99905L0.46975 1.52908C0.17675 1.23608 0.17675 0.761041 0.46975 0.468041C0.76275 0.175041 1.23779 0.175041 1.53079 0.468041L5.53079 4.46804C5.82379 4.76104 5.82379 5.23608 5.53079 5.52908L1.53079 9.52908C1.38379 9.67708 1.19178 9.75002 0.999779 9.75002Z"
                    fill="#00002E"
                  />
                </svg>
              </div>
            </div>
            <div
              class="about__staff-founders"
            >
              <div
                class="about__staff-founders-pic"
              >
                <img
                  alt="фото"
                  height="300"
                  src="Vorobiova.webp"
                  width="300"
                />
              </div>
              <div
                class="role"
              >
                Graphic Design
              </div>
              <div
                class="name"
              >
                <p>
                  Дарья Воробьева
                </p>
                <svg
                  fill="none"
                  height="10"
                  viewBox="0 0 6 10"
                  width="6"
                  xmlns="http://www.w3.org/2000/svg"
                >
                  <path
                    d="M0.999779 9.75002C0.807779 9.75002 0.61575 9.67705 0.46975 9.53005C0.17675 9.23705 0.17675 8.76202 0.46975 8.46902L3.93972 4.99905L0.46975 1.52908C0.17675 1.23608 0.17675 0.761041 0.46975 0.468041C0.76275 0.175041 1.23779 0.175041 1.53079 0.468041L5.53079 4.46804C5.82379 4.76104 5.82379 5.23608 5.53079 5.52908L1.53079 9.52908C1.38379 9.67708 1.19178 9.75002 0.999779 9.75002Z"
                    fill="#00002E"
                  />
                </svg>
              </div>
            </div>
            <div
              class="about__staff-founders"
            >
              <div
                class="about__staff-founders-pic"
              >
                <img
                  alt="фото"
                  height="300"
                  src="Levin.webp"
                  width="300"
                />
              </div>
              <div
                class="role"
              >
                Backend
              </div>
              <div
                class="name"
              >
                <p>
                  Кирилл Левин
                </p>
                <svg
                  fill="none"
                  height="10"
                  viewBox="0 0 6 10"
                  width="6"
                  xmlns="http://www.w3.org/2000/svg"
                >
                  <path
                    d="M0.999779 9.75002C0.807779 9.75002 0.61575 9.67705 0.46975 9.53005C0.17675 9.23705 0.17675 8.76202 0.46975 8.46902L3.93972 4.99905L0.46975 1.52908C0.17675 1.23608 0.17675 0.761041 0.46975 0.468041C0.76275 0.175041 1.23779 0.175041 1.53079 0.468041L5.53079 4.46804C5.82379 4.76104 5.82379 5.23608 5.53079 5.52908L1.53079 9.52908C1.38379 9.67708 1.19178 9.75002 0.999779 9.75002Z"
                    fill="#00002E"
                  />
                </svg>
              </div>
            </div>
            <div
              class="about__staff-founders"
            >
              <div
                class="about__staff-founders-pic"
              >
                <img
                  alt="фото"
                  height="300"
                  src="Ershov.webp"
                  width="300"
                />
              </div>
              <div
                class="role"
              >
                DevOps
              </div>
              <div
                class="name"
              >
                <p>
                  Сергей Ершов
                </p>
                <svg
                  fill="none"
                  height="10"
                  viewBox="0 0 6 10"
                  width="6"
                  xmlns="http://www.w3.org/2000/svg"
                >
                  <path
                    d="M0.999779 9.75002C0.807779 9.75002 0.61575 9.67705 0.46975 9.53005C0.17675 9.23705 0.17675 8.76202 0.46975 8.46902L3.93972 4.99905L0.46975 1.52908C0.17675 1.23608 0.17675 0.761041 0.46975 0.468041C0.76275 0.175041 1.23779 0.175041 1.53079 0.468041L5.53079 4.46804C5.82379 4.76104 5.82379 5.23608 5.53079 5.52908L1.53079 9.52908C1.38379 9.67708 1.19178 9.75002 0.999779 9.75002Z"
                    fill="#00002E"
                  />
                </svg>
              </div>
            </div>
            <div
              class="about__staff-founders"
            >
              <div
                class="about__staff-founders-pic"
              >
                <img
                  alt="фото"
                  height="300"
                  src="Novikov.webp"
                  width="300"
                />
              </div>
              <div
                class="role"
              >
                Backend
              </div>
              <div
                class="name"
              >
                <p>
                  Вячеслав Новиков
                </p>
                <svg
                  fill="none"
                  height="10"
                  viewBox="0 0 6 10"
                  width="6"
                  xmlns="http://www.w3.org/2000/svg"
                >
                  <path
                    d="M0.999779 9.75002C0.807779 9.75002 0.61575 9.67705 0.46975 9.53005C0.17675 9.23705 0.17675 8.76202 0.46975 8.46902L3.93972 4.99905L0.46975 1.52908C0.17675 1.23608 0.17675 0.761041 0.46975 0.468041C0.76275 0.175041 1.23779 0.175041 1.53079 0.468041L5.53079 4.46804C5.82379 4.76104 5.82379 5.23608 5.53079 5.52908L1.53079 9.52908C1.38379 9.67708 1.19178 9.75002 0.999779 9.75002Z"
                    fill="#00002E"
                  />
                </svg>
              </div>
            </div>
            <div
              class="about__staff-founders"
            >
              <div
                class="about__staff-founders-pic"
              >
                <img
                  alt="фото"
                  height="300"
                  src="Makover.webp"
                  width="300"
                />
              </div>
              <div
                class="role"
              >
                Backend
              </div>
              <div
                class="name"
              >
                <p>
                  Андрей Маковер
                </p>
                <svg
                  fill="none"
                  height="10"
                  viewBox="0 0 6 10"
                  width="6"
                  xmlns="http://www.w3.org/2000/svg"
                >
                  <path
                    d="M0.999779 9.75002C0.807779 9.75002 0.61575 9.67705 0.46975 9.53005C0.17675 9.23705 0.17675 8.76202 0.46975 8.46902L3.93972 4.99905L0.46975 1.52908C0.17675 1.23608 0.17675 0.761041 0.46975 0.468041C0.76275 0.175041 1.23779 0.175041 1.53079 0.468041L5.53079 4.46804C5.82379 4.76104 5.82379 5.23608 5.53079 5.52908L1.53079 9.52908C1.38379 9.67708 1.19178 9.75002 0.999779 9.75002Z"
                    fill="#00002E"
                  />
                </svg>
              </div>
            </div>
            <div
              class="about__staff-founders"
            >
              <div
                class="about__staff-founders-pic"
              >
                <img
                  alt="фото"
                  height="300"
                  src="Rubaeva.webp"
                  width="300"
                />
              </div>
              <div
                class="role"
              >
                Content Manager
              </div>
              <div
                class="name"
              >
                <p>
                  Анастасия Рубаева
                </p>
                <svg
                  fill="none"
                  height="10"
                  viewBox="0 0 6 10"
                  width="6"
                  xmlns="http://www.w3.org/2000/svg"
                >
                  <path
                    d="M0.999779 9.75002C0.807779 9.75002 0.61575 9.67705 0.46975 9.53005C0.17675 9.23705 0.17675 8.76202 0.46975 8.46902L3.93972 4.99905L0.46975 1.52908C0.17675 1.23608 0.17675 0.761041 0.46975 0.468041C0.76275 0.175041 1.23779 0.175041 1.53079 0.468041L5.53079 4.46804C5.82379 4.76104 5.82379 5.23608 5.53079 5.52908L1.53079 9.52908C1.38379 9.67708 1.19178 9.75002 0.999779 9.75002Z"
                    fill="#00002E"
                  />
                </svg>
              </div>
            </div>
            <div
              class="about__staff-founders"
            >
              <div
                class="about__staff-founders-pic"
              >
                <img
                  alt="фото"
                  height="300"
                  src="Mosh.webp"
                  width="300"
                />
              </div>
              <div
                class="role"
              >
                Frontend
              </div>
              <div
                class="name"
              >
                <p>
                  Андрей Мощенко
                </p>
                <svg
                  fill="none"
                  height="10"
                  viewBox="0 0 6 10"
                  width="6"
                  xmlns="http://www.w3.org/2000/svg"
                >
                  <path
                    d="M0.999779 9.75002C0.807779 9.75002 0.61575 9.67705 0.46975 9.53005C0.17675 9.23705 0.17675 8.76202 0.46975 8.46902L3.93972 4.99905L0.46975 1.52908C0.17675 1.23608 0.17675 0.761041 0.46975 0.468041C0.76275 0.175041 1.23779 0.175041 1.53079 0.468041L5.53079 4.46804C5.82379 4.76104 5.82379 5.23608 5.53079 5.52908L1.53079 9.52908C1.38379 9.67708 1.19178 9.75002 0.999779 9.75002Z"
                    fill="#00002E"
                  />
                </svg>
              </div>
            </div>
            <div
              class="about__staff-founders"
            >
              <div
                class="about__staff-founders-pic"
              >
                <img
                  alt="фото"
                  height="300"
                  src="Ivanova.webp"
                  width="300"
                />
              </div>
              <div
                class="role"
              >
                QA Tester
              </div>
              <div
                class="name"
              >
                <p>
                  Юлия Иванова
                </p>
                <svg
                  fill="none"
                  height="10"
                  viewBox="0 0 6 10"
                  width="6"
                  xmlns="http://www.w3.org/2000/svg"
                >
                  <path
                    d="M0.999779 9.75002C0.807779 9.75002 0.61575 9.67705 0.46975 9.53005C0.17675 9.23705 0.17675 8.76202 0.46975 8.46902L3.93972 4.99905L0.46975 1.52908C0.17675 1.23608 0.17675 0.761041 0.46975 0.468041C0.76275 0.175041 1.23779 0.175041 1.53079 0.468041L5.53079 4.46804C5.82379 4.76104 5.82379 5.23608 5.53079 5.52908L1.53079 9.52908C1.38379 9.67708 1.19178 9.75002 0.999779 9.75002Z"
                    fill="#00002E"
                  />
                </svg>
              </div>
            </div>
            <div
              class="about__staff-founders"
            >
              <div
                class="about__staff-founders-pic"
              >
                <img
                  alt="фото"
                  height="300"
                  src="Sen.webp"
                  width="300"
                />
              </div>
              <div
                class="role"
              >
                QA Tester
              </div>
              <div
                class="name"
              >
                <p>
                  Денис Сеногноев
                </p>
                <svg
                  fill="none"
                  height="10"
                  viewBox="0 0 6 10"
                  width="6"
                  xmlns="http://www.w3.org/2000/svg"
                >
                  <path
                    d="M0.999779 9.75002C0.807779 9.75002 0.61575 9.67705 0.46975 9.53005C0.17675 9.23705 0.17675 8.76202 0.46975 8.46902L3.93972 4.99905L0.46975 1.52908C0.17675 1.23608 0.17675 0.761041 0.46975 0.468041C0.76275 0.175041 1.23779 0.175041 1.53079 0.468041L5.53079 4.46804C5.82379 4.76104 5.82379 5.23608 5.53079 5.52908L1.53079 9.52908C1.38379 9.67708 1.19178 9.75002 0.999779 9.75002Z"
                    fill="#00002E"
                  />
                </svg>
              </div>
            </div>
          </div>
        </div>
      </div>
    </div>
  </body>,
  "container": <div>
    <div
      class="about"
    >
      <h1>
        Немного о 
        <span>
          нашем
        </span>
         сервисе
      </h1>
      <p
        class="about__launched"
      >
        Сервис был запущен в 2023 году с целью упрощения поиска конференций для студентов различных направлений и профессионалов своего дела
      </p>
      <div
        class="about__timeline"
      >
        <div>
          <img
            alt=""
            src="Step.svg"
          />
          <div
            class="about__timeline-card"
          >
            <p>
              Январь 2023
            </p>
            <br />
            <ul>
              <li>
                Формирование ТЗ
              </li>
              <li>
                UX исследование
              </li>
              <li>
                Исследование на возможность парсинга данных
              </li>
            </ul>
          </div>
        </div>
        <div>
          <img
            alt=""
            src="Step.svg"
          />
          <div
            class="about__timeline-card"
          >
            <p>
              Февраль 2023
            </p>
            <br />
            <ul>
              <li>
                Верстка страниц, календаря, фильтров
              </li>
              <li>
                Формирование БД
              </li>
              <li>
                 Отрисовка иллюстраций
              </li>
              <li>
                 Интеграция фронта с беком
              </li>
            </ul>
          </div>
        </div>
        <div>
          <img
            alt=""
            src="Step.svg"
          />
          <div
            class="about__timeline-card last"
          >
            <p>
              Март 2023
            </p>
            <br />
            <ul>
              <li>
                Регистрация домена
              </li>
              <li>
                Тестирование
              </li>
              <li>
                Верстка адаптива
              </li>
              <li>
                Работа с багами
              </li>
              <li>
                Запуск прод версии
              </li>
            </ul>
          </div>
        </div>
      </div>
      <div
        class="about__staff"
      >
        <h1>
          Создатели 
          <span>
            The Conference
          </span>
        </h1>
        <h2>
          Руководство
        </h2>
        <div
          class="about__staff-container"
        >
          <div
            class="about__staff-founders"
          >
            <div
              class="about__staff-founders-pic"
            >
              <img
                alt="фото"
                height="300"
                src="Peregudov.webp"
                width="300"
              />
            </div>
            <div
              class="role"
            >
              Project Manager
            </div>
            <div
              class="name"
            >
              <p>
                Сергей Перегудов
              </p>
              <svg
                fill="none"
                height="10"
                viewBox="0 0 6 10"
                width="6"
                xmlns="http://www.w3.org/2000/svg"
              >
                <path
                  d="M0.999779 9.75002C0.807779 9.75002 0.61575 9.67705 0.46975 9.53005C0.17675 9.23705 0.17675 8.76202 0.46975 8.46902L3.93972 4.99905L0.46975 1.52908C0.17675 1.23608 0.17675 0.761041 0.46975 0.468041C0.76275 0.175041 1.23779 0.175041 1.53079 0.468041L5.53079 4.46804C5.82379 4.76104 5.82379 5.23608 5.53079 5.52908L1.53079 9.52908C1.38379 9.67708 1.19178 9.75002 0.999779 9.75002Z"
                  fill="#00002E"
                />
              </svg>
            </div>
          </div>
          <div
            class="about__staff-founders"
          >
            <div
              class="about__staff-founders-pic"
            >
              <img
                alt="фото"
                height="300"
                src="Semenova.webp"
                width="300"
              />
            </div>
            <div
              class="role"
            >
              Project Manager
            </div>
            <div
              class="name"
            >
              <p>
                Татьяна Семёнова
              </p>
              <svg
                fill="none"
                height="10"
                viewBox="0 0 6 10"
                width="6"
                xmlns="http://www.w3.org/2000/svg"
              >
                <path
                  d="M0.999779 9.75002C0.807779 9.75002 0.61575 9.67705 0.46975 9.53005C0.17675 9.23705 0.17675 8.76202 0.46975 8.46902L3.93972 4.99905L0.46975 1.52908C0.17675 1.23608 0.17675 0.761041 0.46975 0.468041C0.76275 0.175041 1.23779 0.175041 1.53079 0.468041L5.53079 4.46804C5.82379 4.76104 5.82379 5.23608 5.53079 5.52908L1.53079 9.52908C1.38379 9.67708 1.19178 9.75002 0.999779 9.75002Z"
                  fill="#00002E"
                />
              </svg>
            </div>
          </div>
          <div
            class="about__staff-founders"
          >
            <div
              class="about__staff-founders-pic"
            >
              <img
                alt="фото"
                height="300"
                src="Krainov.webp"
                width="300"
              />
            </div>
            <div
              class="role"
            >
              Project Mentor
            </div>
            <div
              class="name"
            >
              <p>
                Кирилл Крайнов
              </p>
              <svg
                fill="none"
                height="10"
                viewBox="0 0 6 10"
                width="6"
                xmlns="http://www.w3.org/2000/svg"
              >
                <path
                  d="M0.999779 9.75002C0.807779 9.75002 0.61575 9.67705 0.46975 9.53005C0.17675 9.23705 0.17675 8.76202 0.46975 8.46902L3.93972 4.99905L0.46975 1.52908C0.17675 1.23608 0.17675 0.761041 0.46975 0.468041C0.76275 0.175041 1.23779 0.175041 1.53079 0.468041L5.53079 4.46804C5.82379 4.76104 5.82379 5.23608 5.53079 5.52908L1.53079 9.52908C1.38379 9.67708 1.19178 9.75002 0.999779 9.75002Z"
                  fill="#00002E"
                />
              </svg>
            </div>
          </div>
        </div>
        <h2>
          Разработчики
        </h2>
        <div
          class="about__staff-container"
        >
          <div
            class="about__staff-founders"
          >
            <div
              class="about__staff-founders-pic"
            >
              <img
                alt="фото"
                height="300"
                src="Fromm.webp"
                width="300"
              />
            </div>
            <div
              class="role"
            >
              UX/UI
            </div>
            <div
              class="name"
            >
              <p>
                Марк Игнатьев
              </p>
              <svg
                fill="none"
                height="10"
                viewBox="0 0 6 10"
                width="6"
                xmlns="http://www.w3.org/2000/svg"
              >
                <path
                  d="M0.999779 9.75002C0.807779 9.75002 0.61575 9.67705 0.46975 9.53005C0.17675 9.23705 0.17675 8.76202 0.46975 8.46902L3.93972 4.99905L0.46975 1.52908C0.17675 1.23608 0.17675 0.761041 0.46975 0.468041C0.76275 0.175041 1.23779 0.175041 1.53079 0.468041L5.53079 4.46804C5.82379 4.76104 5.82379 5.23608 5.53079 5.52908L1.53079 9.52908C1.38379 9.67708 1.19178 9.75002 0.999779 9.75002Z"
                  fill="#00002E"
                />
              </svg>
            </div>
          </div>
          <div
            class="about__staff-founders"
          >
            <div
              class="about__staff-founders-pic"
            >
              <img
                alt="фото"
                height="300"
                src="Vorobiova.webp"
                width="300"
              />
            </div>
            <div
              class="role"
            >
              Graphic Design
            </div>
            <div
              class="name"
            >
              <p>
                Дарья Воробьева
              </p>
              <svg
                fill="none"
                height="10"
                viewBox="0 0 6 10"
                width="6"
                xmlns="http://www.w3.org/2000/svg"
              >
                <path
                  d="M0.999779 9.75002C0.807779 9.75002 0.61575 9.67705 0.46975 9.53005C0.17675 9.23705 0.17675 8.76202 0.46975 8.46902L3.93972 4.99905L0.46975 1.52908C0.17675 1.23608 0.17675 0.761041 0.46975 0.468041C0.76275 0.175041 1.23779 0.175041 1.53079 0.468041L5.53079 4.46804C5.82379 4.76104 5.82379 5.23608 5.53079 5.52908L1.53079 9.52908C1.38379 9.67708 1.19178 9.75002 0.999779 9.75002Z"
                  fill="#00002E"
                />
              </svg>
            </div>
          </div>
          <div
            class="about__staff-founders"
          >
            <div
              class="about__staff-founders-pic"
            >
              <img
                alt="фото"
                height="300"
                src="Levin.webp"
                width="300"
              />
            </div>
            <div
              class="role"
            >
              Backend
            </div>
            <div
              class="name"
            >
              <p>
                Кирилл Левин
              </p>
              <svg
                fill="none"
                height="10"
                viewBox="0 0 6 10"
                width="6"
                xmlns="http://www.w3.org/2000/svg"
              >
                <path
                  d="M0.999779 9.75002C0.807779 9.75002 0.61575 9.67705 0.46975 9.53005C0.17675 9.23705 0.17675 8.76202 0.46975 8.46902L3.93972 4.99905L0.46975 1.52908C0.17675 1.23608 0.17675 0.761041 0.46975 0.468041C0.76275 0.175041 1.23779 0.175041 1.53079 0.468041L5.53079 4.46804C5.82379 4.76104 5.82379 5.23608 5.53079 5.52908L1.53079 9.52908C1.38379 9.67708 1.19178 9.75002 0.999779 9.75002Z"
                  fill="#00002E"
                />
              </svg>
            </div>
          </div>
          <div
            class="about__staff-founders"
          >
            <div
              class="about__staff-founders-pic"
            >
              <img
                alt="фото"
                height="300"
                src="Ershov.webp"
                width="300"
              />
            </div>
            <div
              class="role"
            >
              DevOps
            </div>
            <div
              class="name"
            >
              <p>
                Сергей Ершов
              </p>
              <svg
                fill="none"
                height="10"
                viewBox="0 0 6 10"
                width="6"
                xmlns="http://www.w3.org/2000/svg"
              >
                <path
                  d="M0.999779 9.75002C0.807779 9.75002 0.61575 9.67705 0.46975 9.53005C0.17675 9.23705 0.17675 8.76202 0.46975 8.46902L3.93972 4.99905L0.46975 1.52908C0.17675 1.23608 0.17675 0.761041 0.46975 0.468041C0.76275 0.175041 1.23779 0.175041 1.53079 0.468041L5.53079 4.46804C5.82379 4.76104 5.82379 5.23608 5.53079 5.52908L1.53079 9.52908C1.38379 9.67708 1.19178 9.75002 0.999779 9.75002Z"
                  fill="#00002E"
                />
              </svg>
            </div>
          </div>
          <div
            class="about__staff-founders"
          >
            <div
              class="about__staff-founders-pic"
            >
              <img
                alt="фото"
                height="300"
                src="Novikov.webp"
                width="300"
              />
            </div>
            <div
              class="role"
            >
              Backend
            </div>
            <div
              class="name"
            >
              <p>
                Вячеслав Новиков
              </p>
              <svg
                fill="none"
                height="10"
                viewBox="0 0 6 10"
                width="6"
                xmlns="http://www.w3.org/2000/svg"
              >
                <path
                  d="M0.999779 9.75002C0.807779 9.75002 0.61575 9.67705 0.46975 9.53005C0.17675 9.23705 0.17675 8.76202 0.46975 8.46902L3.93972 4.99905L0.46975 1.52908C0.17675 1.23608 0.17675 0.761041 0.46975 0.468041C0.76275 0.175041 1.23779 0.175041 1.53079 0.468041L5.53079 4.46804C5.82379 4.76104 5.82379 5.23608 5.53079 5.52908L1.53079 9.52908C1.38379 9.67708 1.19178 9.75002 0.999779 9.75002Z"
                  fill="#00002E"
                />
              </svg>
            </div>
          </div>
          <div
            class="about__staff-founders"
          >
            <div
              class="about__staff-founders-pic"
            >
              <img
                alt="фото"
                height="300"
                src="Makover.webp"
                width="300"
              />
            </div>
            <div
              class="role"
            >
              Backend
            </div>
            <div
              class="name"
            >
              <p>
                Андрей Маковер
              </p>
              <svg
                fill="none"
                height="10"
                viewBox="0 0 6 10"
                width="6"
                xmlns="http://www.w3.org/2000/svg"
              >
                <path
                  d="M0.999779 9.75002C0.807779 9.75002 0.61575 9.67705 0.46975 9.53005C0.17675 9.23705 0.17675 8.76202 0.46975 8.46902L3.93972 4.99905L0.46975 1.52908C0.17675 1.23608 0.17675 0.761041 0.46975 0.468041C0.76275 0.175041 1.23779 0.175041 1.53079 0.468041L5.53079 4.46804C5.82379 4.76104 5.82379 5.23608 5.53079 5.52908L1.53079 9.52908C1.38379 9.67708 1.19178 9.75002 0.999779 9.75002Z"
                  fill="#00002E"
                />
              </svg>
            </div>
          </div>
          <div
            class="about__staff-founders"
          >
            <div
              class="about__staff-founders-pic"
            >
              <img
                alt="фото"
                height="300"
                src="Rubaeva.webp"
                width="300"
              />
            </div>
            <div
              class="role"
            >
              Content Manager
            </div>
            <div
              class="name"
            >
              <p>
                Анастасия Рубаева
              </p>
              <svg
                fill="none"
                height="10"
                viewBox="0 0 6 10"
                width="6"
                xmlns="http://www.w3.org/2000/svg"
              >
                <path
                  d="M0.999779 9.75002C0.807779 9.75002 0.61575 9.67705 0.46975 9.53005C0.17675 9.23705 0.17675 8.76202 0.46975 8.46902L3.93972 4.99905L0.46975 1.52908C0.17675 1.23608 0.17675 0.761041 0.46975 0.468041C0.76275 0.175041 1.23779 0.175041 1.53079 0.468041L5.53079 4.46804C5.82379 4.76104 5.82379 5.23608 5.53079 5.52908L1.53079 9.52908C1.38379 9.67708 1.19178 9.75002 0.999779 9.75002Z"
                  fill="#00002E"
                />
              </svg>
            </div>
          </div>
          <div
            class="about__staff-founders"
          >
            <div
              class="about__staff-founders-pic"
            >
              <img
                alt="фото"
                height="300"
                src="Mosh.webp"
                width="300"
              />
            </div>
            <div
              class="role"
            >
              Frontend
            </div>
            <div
              class="name"
            >
              <p>
                Андрей Мощенко
              </p>
              <svg
                fill="none"
                height="10"
                viewBox="0 0 6 10"
                width="6"
                xmlns="http://www.w3.org/2000/svg"
              >
                <path
                  d="M0.999779 9.75002C0.807779 9.75002 0.61575 9.67705 0.46975 9.53005C0.17675 9.23705 0.17675 8.76202 0.46975 8.46902L3.93972 4.99905L0.46975 1.52908C0.17675 1.23608 0.17675 0.761041 0.46975 0.468041C0.76275 0.175041 1.23779 0.175041 1.53079 0.468041L5.53079 4.46804C5.82379 4.76104 5.82379 5.23608 5.53079 5.52908L1.53079 9.52908C1.38379 9.67708 1.19178 9.75002 0.999779 9.75002Z"
                  fill="#00002E"
                />
              </svg>
            </div>
          </div>
          <div
            class="about__staff-founders"
          >
            <div
              class="about__staff-founders-pic"
            >
              <img
                alt="фото"
                height="300"
                src="Ivanova.webp"
                width="300"
              />
            </div>
            <div
              class="role"
            >
              QA Tester
            </div>
            <div
              class="name"
            >
              <p>
                Юлия Иванова
              </p>
              <svg
                fill="none"
                height="10"
                viewBox="0 0 6 10"
                width="6"
                xmlns="http://www.w3.org/2000/svg"
              >
                <path
                  d="M0.999779 9.75002C0.807779 9.75002 0.61575 9.67705 0.46975 9.53005C0.17675 9.23705 0.17675 8.76202 0.46975 8.46902L3.93972 4.99905L0.46975 1.52908C0.17675 1.23608 0.17675 0.761041 0.46975 0.468041C0.76275 0.175041 1.23779 0.175041 1.53079 0.468041L5.53079 4.46804C5.82379 4.76104 5.82379 5.23608 5.53079 5.52908L1.53079 9.52908C1.38379 9.67708 1.19178 9.75002 0.999779 9.75002Z"
                  fill="#00002E"
                />
              </svg>
            </div>
          </div>
          <div
            class="about__staff-founders"
          >
            <div
              class="about__staff-founders-pic"
            >
              <img
                alt="фото"
                height="300"
                src="Sen.webp"
                width="300"
              />
            </div>
            <div
              class="role"
            >
              QA Tester
            </div>
            <div
              class="name"
            >
              <p>
                Денис Сеногноев
              </p>
              <svg
                fill="none"
                height="10"
                viewBox="0 0 6 10"
                width="6"
                xmlns="http://www.w3.org/2000/svg"
              >
                <path
                  d="M0.999779 9.75002C0.807779 9.75002 0.61575 9.67705 0.46975 9.53005C0.17675 9.23705 0.17675 8.76202 0.46975 8.46902L3.93972 4.99905L0.46975 1.52908C0.17675 1.23608 0.17675 0.761041 0.46975 0.468041C0.76275 0.175041 1.23779 0.175041 1.53079 0.468041L5.53079 4.46804C5.82379 4.76104 5.82379 5.23608 5.53079 5.52908L1.53079 9.52908C1.38379 9.67708 1.19178 9.75002 0.999779 9.75002Z"
                  fill="#00002E"
                />
              </svg>
            </div>
          </div>
        </div>
      </div>
    </div>
  </div>,
  "debug": [Function],
  "findAllByAltText": [Function],
  "findAllByDisplayValue": [Function],
  "findAllByLabelText": [Function],
  "findAllByPlaceholderText": [Function],
  "findAllByRole": [Function],
  "findAllByTestId": [Function],
  "findAllByText": [Function],
  "findAllByTitle": [Function],
  "findByAltText": [Function],
  "findByDisplayValue": [Function],
  "findByLabelText": [Function],
  "findByPlaceholderText": [Function],
  "findByRole": [Function],
  "findByTestId": [Function],
  "findByText": [Function],
  "findByTitle": [Function],
  "getAllByAltText": [Function],
  "getAllByDisplayValue": [Function],
  "getAllByLabelText": [Function],
  "getAllByPlaceholderText": [Function],
  "getAllByRole": [Function],
  "getAllByTestId": [Function],
  "getAllByText": [Function],
  "getAllByTitle": [Function],
  "getByAltText": [Function],
  "getByDisplayValue": [Function],
  "getByLabelText": [Function],
  "getByPlaceholderText": [Function],
  "getByRole": [Function],
  "getByTestId": [Function],
  "getByText": [Function],
  "getByTitle": [Function],
  "queryAllByAltText": [Function],
  "queryAllByDisplayValue": [Function],
  "queryAllByLabelText": [Function],
  "queryAllByPlaceholderText": [Function],
  "queryAllByRole": [Function],
  "queryAllByTestId": [Function],
  "queryAllByText": [Function],
  "queryAllByTitle": [Function],
  "queryByAltText": [Function],
  "queryByDisplayValue": [Function],
  "queryByLabelText": [Function],
  "queryByPlaceholderText": [Function],
  "queryByRole": [Function],
  "queryByTestId": [Function],
  "queryByText": [Function],
  "queryByTitle": [Function],
  "rerender": [Function],
  "unmount": [Function],
}
`;

exports[`AboutService About snapshot 1`] = `
Object {
  "asFragment": [Function],
  "baseElement": <body>
    <div>
      <div
        class="about"
      >
        <h1>
          Немного о 
          <span>
            нашем
          </span>
           сервисе
        </h1>
        <p
          class="about__launched"
        >
          Сервис был запущен в 2023 году с целью упрощения поиска конференций для студентов различных направлений и профессионалов своего дела
        </p>
        <div
          class="about__timeline"
        >
          <div>
            <img
              alt=""
              src="Step.svg"
            />
            <div
              class="about__timeline-card"
            >
              <p>
                Январь 2023
              </p>
              <br />
              <ul>
                <li>
                  Формирование ТЗ
                </li>
                <li>
                  UX исследование
                </li>
                <li>
                  Исследование на возможность парсинга данных
                </li>
              </ul>
            </div>
          </div>
          <div>
            <img
              alt=""
              src="Step.svg"
            />
            <div
              class="about__timeline-card"
            >
              <p>
                Февраль 2023
              </p>
              <br />
              <ul>
                <li>
                  Верстка страниц, календаря, фильтров
                </li>
                <li>
                  Формирование БД
                </li>
                <li>
                   Отрисовка иллюстраций
                </li>
                <li>
                   Интеграция фронта с беком
                </li>
              </ul>
            </div>
          </div>
          <div>
            <img
              alt=""
              src="Step.svg"
            />
            <div
              class="about__timeline-card last"
            >
              <p>
                Март 2023
              </p>
              <br />
              <ul>
                <li>
                  Регистрация домена
                </li>
                <li>
                  Тестирование
                </li>
                <li>
                  Верстка адаптива
                </li>
                <li>
                  Работа с багами
                </li>
                <li>
                  Запуск прод версии
                </li>
              </ul>
            </div>
          </div>
        </div>
        <div
          class="about__staff"
        >
          <h1>
            Создатели 
            <span>
              The Conference
            </span>
          </h1>
          <h2>
            Руководство
          </h2>
          <div
            class="about__staff-container"
          >
            <div
              class="about__staff-founders"
            >
              <div
                class="about__staff-founders-pic"
              >
                <img
                  alt="фото"
                  height="300"
                  src="Peregudov.webp"
                  width="300"
                />
              </div>
              <div
                class="role"
              >
                Project Manager
              </div>
              <div
                class="name"
              >
                <p>
                  Сергей Перегудов
                </p>
                <svg
                  fill="none"
                  height="10"
                  viewBox="0 0 6 10"
                  width="6"
                  xmlns="http://www.w3.org/2000/svg"
                >
                  <path
                    d="M0.999779 9.75002C0.807779 9.75002 0.61575 9.67705 0.46975 9.53005C0.17675 9.23705 0.17675 8.76202 0.46975 8.46902L3.93972 4.99905L0.46975 1.52908C0.17675 1.23608 0.17675 0.761041 0.46975 0.468041C0.76275 0.175041 1.23779 0.175041 1.53079 0.468041L5.53079 4.46804C5.82379 4.76104 5.82379 5.23608 5.53079 5.52908L1.53079 9.52908C1.38379 9.67708 1.19178 9.75002 0.999779 9.75002Z"
                    fill="#00002E"
                  />
                </svg>
              </div>
            </div>
            <div
              class="about__staff-founders"
            >
              <div
                class="about__staff-founders-pic"
              >
                <img
                  alt="фото"
                  height="300"
                  src="Semenova.webp"
                  width="300"
                />
              </div>
              <div
                class="role"
              >
                Project Manager
              </div>
              <div
                class="name"
              >
                <p>
                  Татьяна Семёнова
                </p>
                <svg
                  fill="none"
                  height="10"
                  viewBox="0 0 6 10"
                  width="6"
                  xmlns="http://www.w3.org/2000/svg"
                >
                  <path
                    d="M0.999779 9.75002C0.807779 9.75002 0.61575 9.67705 0.46975 9.53005C0.17675 9.23705 0.17675 8.76202 0.46975 8.46902L3.93972 4.99905L0.46975 1.52908C0.17675 1.23608 0.17675 0.761041 0.46975 0.468041C0.76275 0.175041 1.23779 0.175041 1.53079 0.468041L5.53079 4.46804C5.82379 4.76104 5.82379 5.23608 5.53079 5.52908L1.53079 9.52908C1.38379 9.67708 1.19178 9.75002 0.999779 9.75002Z"
                    fill="#00002E"
                  />
                </svg>
              </div>
            </div>
            <div
              class="about__staff-founders"
            >
              <div
                class="about__staff-founders-pic"
              >
                <img
                  alt="фото"
                  height="300"
                  src="Krainov.webp"
                  width="300"
                />
              </div>
              <div
                class="role"
              >
                Project Mentor
              </div>
              <div
                class="name"
              >
                <p>
                  Кирилл Крайнов
                </p>
                <svg
                  fill="none"
                  height="10"
                  viewBox="0 0 6 10"
                  width="6"
                  xmlns="http://www.w3.org/2000/svg"
                >
                  <path
                    d="M0.999779 9.75002C0.807779 9.75002 0.61575 9.67705 0.46975 9.53005C0.17675 9.23705 0.17675 8.76202 0.46975 8.46902L3.93972 4.99905L0.46975 1.52908C0.17675 1.23608 0.17675 0.761041 0.46975 0.468041C0.76275 0.175041 1.23779 0.175041 1.53079 0.468041L5.53079 4.46804C5.82379 4.76104 5.82379 5.23608 5.53079 5.52908L1.53079 9.52908C1.38379 9.67708 1.19178 9.75002 0.999779 9.75002Z"
                    fill="#00002E"
                  />
                </svg>
              </div>
            </div>
          </div>
          <h2>
            Разработчики
          </h2>
          <div
            class="about__staff-container"
          >
            <div
              class="about__staff-founders"
            >
              <div
                class="about__staff-founders-pic"
              >
                <img
                  alt="фото"
                  height="300"
                  src="Fromm.webp"
                  width="300"
                />
              </div>
              <div
                class="role"
              >
                UX/UI
              </div>
              <div
                class="name"
              >
                <p>
                  Марк Игнатьев
                </p>
                <svg
                  fill="none"
                  height="10"
                  viewBox="0 0 6 10"
                  width="6"
                  xmlns="http://www.w3.org/2000/svg"
                >
                  <path
                    d="M0.999779 9.75002C0.807779 9.75002 0.61575 9.67705 0.46975 9.53005C0.17675 9.23705 0.17675 8.76202 0.46975 8.46902L3.93972 4.99905L0.46975 1.52908C0.17675 1.23608 0.17675 0.761041 0.46975 0.468041C0.76275 0.175041 1.23779 0.175041 1.53079 0.468041L5.53079 4.46804C5.82379 4.76104 5.82379 5.23608 5.53079 5.52908L1.53079 9.52908C1.38379 9.67708 1.19178 9.75002 0.999779 9.75002Z"
                    fill="#00002E"
                  />
                </svg>
              </div>
            </div>
            <div
              class="about__staff-founders"
            >
              <div
                class="about__staff-founders-pic"
              >
                <img
                  alt="фото"
                  height="300"
                  src="Vorobiova.webp"
                  width="300"
                />
              </div>
              <div
                class="role"
              >
                Graphic Design
              </div>
              <div
                class="name"
              >
                <p>
                  Дарья Воробьева
                </p>
                <svg
                  fill="none"
                  height="10"
                  viewBox="0 0 6 10"
                  width="6"
                  xmlns="http://www.w3.org/2000/svg"
                >
                  <path
                    d="M0.999779 9.75002C0.807779 9.75002 0.61575 9.67705 0.46975 9.53005C0.17675 9.23705 0.17675 8.76202 0.46975 8.46902L3.93972 4.99905L0.46975 1.52908C0.17675 1.23608 0.17675 0.761041 0.46975 0.468041C0.76275 0.175041 1.23779 0.175041 1.53079 0.468041L5.53079 4.46804C5.82379 4.76104 5.82379 5.23608 5.53079 5.52908L1.53079 9.52908C1.38379 9.67708 1.19178 9.75002 0.999779 9.75002Z"
                    fill="#00002E"
                  />
                </svg>
              </div>
            </div>
            <div
              class="about__staff-founders"
            >
              <div
                class="about__staff-founders-pic"
              >
                <img
                  alt="фото"
                  height="300"
                  src="Levin.webp"
                  width="300"
                />
              </div>
              <div
                class="role"
              >
                Backend
              </div>
              <div
                class="name"
              >
                <p>
                  Кирилл Левин
                </p>
                <svg
                  fill="none"
                  height="10"
                  viewBox="0 0 6 10"
                  width="6"
                  xmlns="http://www.w3.org/2000/svg"
                >
                  <path
                    d="M0.999779 9.75002C0.807779 9.75002 0.61575 9.67705 0.46975 9.53005C0.17675 9.23705 0.17675 8.76202 0.46975 8.46902L3.93972 4.99905L0.46975 1.52908C0.17675 1.23608 0.17675 0.761041 0.46975 0.468041C0.76275 0.175041 1.23779 0.175041 1.53079 0.468041L5.53079 4.46804C5.82379 4.76104 5.82379 5.23608 5.53079 5.52908L1.53079 9.52908C1.38379 9.67708 1.19178 9.75002 0.999779 9.75002Z"
                    fill="#00002E"
                  />
                </svg>
              </div>
            </div>
            <div
              class="about__staff-founders"
            >
              <div
                class="about__staff-founders-pic"
              >
                <img
                  alt="фото"
                  height="300"
                  src="Ershov.webp"
                  width="300"
                />
              </div>
              <div
                class="role"
              >
                DevOps
              </div>
              <div
                class="name"
              >
                <p>
                  Сергей Ершов
                </p>
                <svg
                  fill="none"
                  height="10"
                  viewBox="0 0 6 10"
                  width="6"
                  xmlns="http://www.w3.org/2000/svg"
                >
                  <path
                    d="M0.999779 9.75002C0.807779 9.75002 0.61575 9.67705 0.46975 9.53005C0.17675 9.23705 0.17675 8.76202 0.46975 8.46902L3.93972 4.99905L0.46975 1.52908C0.17675 1.23608 0.17675 0.761041 0.46975 0.468041C0.76275 0.175041 1.23779 0.175041 1.53079 0.468041L5.53079 4.46804C5.82379 4.76104 5.82379 5.23608 5.53079 5.52908L1.53079 9.52908C1.38379 9.67708 1.19178 9.75002 0.999779 9.75002Z"
                    fill="#00002E"
                  />
                </svg>
              </div>
            </div>
            <div
              class="about__staff-founders"
            >
              <div
                class="about__staff-founders-pic"
              >
                <img
                  alt="фото"
                  height="300"
                  src="Novikov.webp"
                  width="300"
                />
              </div>
              <div
                class="role"
              >
                Backend
              </div>
              <div
                class="name"
              >
                <p>
                  Вячеслав Новиков
                </p>
                <svg
                  fill="none"
                  height="10"
                  viewBox="0 0 6 10"
                  width="6"
                  xmlns="http://www.w3.org/2000/svg"
                >
                  <path
                    d="M0.999779 9.75002C0.807779 9.75002 0.61575 9.67705 0.46975 9.53005C0.17675 9.23705 0.17675 8.76202 0.46975 8.46902L3.93972 4.99905L0.46975 1.52908C0.17675 1.23608 0.17675 0.761041 0.46975 0.468041C0.76275 0.175041 1.23779 0.175041 1.53079 0.468041L5.53079 4.46804C5.82379 4.76104 5.82379 5.23608 5.53079 5.52908L1.53079 9.52908C1.38379 9.67708 1.19178 9.75002 0.999779 9.75002Z"
                    fill="#00002E"
                  />
                </svg>
              </div>
            </div>
            <div
              class="about__staff-founders"
            >
              <div
                class="about__staff-founders-pic"
              >
                <img
                  alt="фото"
                  height="300"
                  src="Makover.webp"
                  width="300"
                />
              </div>
              <div
                class="role"
              >
                Backend
              </div>
              <div
                class="name"
              >
                <p>
                  Андрей Маковер
                </p>
                <svg
                  fill="none"
                  height="10"
                  viewBox="0 0 6 10"
                  width="6"
                  xmlns="http://www.w3.org/2000/svg"
                >
                  <path
                    d="M0.999779 9.75002C0.807779 9.75002 0.61575 9.67705 0.46975 9.53005C0.17675 9.23705 0.17675 8.76202 0.46975 8.46902L3.93972 4.99905L0.46975 1.52908C0.17675 1.23608 0.17675 0.761041 0.46975 0.468041C0.76275 0.175041 1.23779 0.175041 1.53079 0.468041L5.53079 4.46804C5.82379 4.76104 5.82379 5.23608 5.53079 5.52908L1.53079 9.52908C1.38379 9.67708 1.19178 9.75002 0.999779 9.75002Z"
                    fill="#00002E"
                  />
                </svg>
              </div>
            </div>
            <div
              class="about__staff-founders"
            >
              <div
                class="about__staff-founders-pic"
              >
                <img
                  alt="фото"
                  height="300"
                  src="Rubaeva.webp"
                  width="300"
                />
              </div>
              <div
                class="role"
              >
                Content Manager
              </div>
              <div
                class="name"
              >
                <p>
                  Анастасия Рубаева
                </p>
                <svg
                  fill="none"
                  height="10"
                  viewBox="0 0 6 10"
                  width="6"
                  xmlns="http://www.w3.org/2000/svg"
                >
                  <path
                    d="M0.999779 9.75002C0.807779 9.75002 0.61575 9.67705 0.46975 9.53005C0.17675 9.23705 0.17675 8.76202 0.46975 8.46902L3.93972 4.99905L0.46975 1.52908C0.17675 1.23608 0.17675 0.761041 0.46975 0.468041C0.76275 0.175041 1.23779 0.175041 1.53079 0.468041L5.53079 4.46804C5.82379 4.76104 5.82379 5.23608 5.53079 5.52908L1.53079 9.52908C1.38379 9.67708 1.19178 9.75002 0.999779 9.75002Z"
                    fill="#00002E"
                  />
                </svg>
              </div>
            </div>
            <div
              class="about__staff-founders"
            >
              <div
                class="about__staff-founders-pic"
              >
                <img
                  alt="фото"
                  height="300"
                  src="Mosh.webp"
                  width="300"
                />
              </div>
              <div
                class="role"
              >
                Frontend
              </div>
              <div
                class="name"
              >
                <p>
                  Андрей Мощенко
                </p>
                <svg
                  fill="none"
                  height="10"
                  viewBox="0 0 6 10"
                  width="6"
                  xmlns="http://www.w3.org/2000/svg"
                >
                  <path
                    d="M0.999779 9.75002C0.807779 9.75002 0.61575 9.67705 0.46975 9.53005C0.17675 9.23705 0.17675 8.76202 0.46975 8.46902L3.93972 4.99905L0.46975 1.52908C0.17675 1.23608 0.17675 0.761041 0.46975 0.468041C0.76275 0.175041 1.23779 0.175041 1.53079 0.468041L5.53079 4.46804C5.82379 4.76104 5.82379 5.23608 5.53079 5.52908L1.53079 9.52908C1.38379 9.67708 1.19178 9.75002 0.999779 9.75002Z"
                    fill="#00002E"
                  />
                </svg>
              </div>
            </div>
            <div
              class="about__staff-founders"
            >
              <div
                class="about__staff-founders-pic"
              >
                <img
                  alt="фото"
                  height="300"
                  src="Ivanova.webp"
                  width="300"
                />
              </div>
              <div
                class="role"
              >
                QA Tester
              </div>
              <div
                class="name"
              >
                <p>
                  Юлия Иванова
                </p>
                <svg
                  fill="none"
                  height="10"
                  viewBox="0 0 6 10"
                  width="6"
                  xmlns="http://www.w3.org/2000/svg"
                >
                  <path
                    d="M0.999779 9.75002C0.807779 9.75002 0.61575 9.67705 0.46975 9.53005C0.17675 9.23705 0.17675 8.76202 0.46975 8.46902L3.93972 4.99905L0.46975 1.52908C0.17675 1.23608 0.17675 0.761041 0.46975 0.468041C0.76275 0.175041 1.23779 0.175041 1.53079 0.468041L5.53079 4.46804C5.82379 4.76104 5.82379 5.23608 5.53079 5.52908L1.53079 9.52908C1.38379 9.67708 1.19178 9.75002 0.999779 9.75002Z"
                    fill="#00002E"
                  />
                </svg>
              </div>
            </div>
            <div
              class="about__staff-founders"
            >
              <div
                class="about__staff-founders-pic"
              >
                <img
                  alt="фото"
                  height="300"
                  src="Sen.webp"
                  width="300"
                />
              </div>
              <div
                class="role"
              >
                QA Tester
              </div>
              <div
                class="name"
              >
                <p>
                  Денис Сеногноев
                </p>
                <svg
                  fill="none"
                  height="10"
                  viewBox="0 0 6 10"
                  width="6"
                  xmlns="http://www.w3.org/2000/svg"
                >
                  <path
                    d="M0.999779 9.75002C0.807779 9.75002 0.61575 9.67705 0.46975 9.53005C0.17675 9.23705 0.17675 8.76202 0.46975 8.46902L3.93972 4.99905L0.46975 1.52908C0.17675 1.23608 0.17675 0.761041 0.46975 0.468041C0.76275 0.175041 1.23779 0.175041 1.53079 0.468041L5.53079 4.46804C5.82379 4.76104 5.82379 5.23608 5.53079 5.52908L1.53079 9.52908C1.38379 9.67708 1.19178 9.75002 0.999779 9.75002Z"
                    fill="#00002E"
                  />
                </svg>
              </div>
            </div>
          </div>
        </div>
      </div>
    </div>
  </body>,
  "container": <div>
    <div
      class="about"
    >
      <h1>
        Немного о 
        <span>
          нашем
        </span>
         сервисе
      </h1>
      <p
        class="about__launched"
      >
        Сервис был запущен в 2023 году с целью упрощения поиска конференций для студентов различных направлений и профессионалов своего дела
      </p>
      <div
        class="about__timeline"
      >
        <div>
          <img
            alt=""
            src="Step.svg"
          />
          <div
            class="about__timeline-card"
          >
            <p>
              Январь 2023
            </p>
            <br />
            <ul>
              <li>
                Формирование ТЗ
              </li>
              <li>
                UX исследование
              </li>
              <li>
                Исследование на возможность парсинга данных
              </li>
            </ul>
          </div>
        </div>
        <div>
          <img
            alt=""
            src="Step.svg"
          />
          <div
            class="about__timeline-card"
          >
            <p>
              Февраль 2023
            </p>
            <br />
            <ul>
              <li>
                Верстка страниц, календаря, фильтров
              </li>
              <li>
                Формирование БД
              </li>
              <li>
                 Отрисовка иллюстраций
              </li>
              <li>
                 Интеграция фронта с беком
              </li>
            </ul>
          </div>
        </div>
        <div>
          <img
            alt=""
            src="Step.svg"
          />
          <div
            class="about__timeline-card last"
          >
            <p>
              Март 2023
            </p>
            <br />
            <ul>
              <li>
                Регистрация домена
              </li>
              <li>
                Тестирование
              </li>
              <li>
                Верстка адаптива
              </li>
              <li>
                Работа с багами
              </li>
              <li>
                Запуск прод версии
              </li>
            </ul>
          </div>
        </div>
      </div>
      <div
        class="about__staff"
      >
        <h1>
          Создатели 
          <span>
            The Conference
          </span>
        </h1>
        <h2>
          Руководство
        </h2>
        <div
          class="about__staff-container"
        >
          <div
            class="about__staff-founders"
          >
            <div
              class="about__staff-founders-pic"
            >
              <img
                alt="фото"
                height="300"
                src="Peregudov.webp"
                width="300"
              />
            </div>
            <div
              class="role"
            >
              Project Manager
            </div>
            <div
              class="name"
            >
              <p>
                Сергей Перегудов
              </p>
              <svg
                fill="none"
                height="10"
                viewBox="0 0 6 10"
                width="6"
                xmlns="http://www.w3.org/2000/svg"
              >
                <path
                  d="M0.999779 9.75002C0.807779 9.75002 0.61575 9.67705 0.46975 9.53005C0.17675 9.23705 0.17675 8.76202 0.46975 8.46902L3.93972 4.99905L0.46975 1.52908C0.17675 1.23608 0.17675 0.761041 0.46975 0.468041C0.76275 0.175041 1.23779 0.175041 1.53079 0.468041L5.53079 4.46804C5.82379 4.76104 5.82379 5.23608 5.53079 5.52908L1.53079 9.52908C1.38379 9.67708 1.19178 9.75002 0.999779 9.75002Z"
                  fill="#00002E"
                />
              </svg>
            </div>
          </div>
          <div
            class="about__staff-founders"
          >
            <div
              class="about__staff-founders-pic"
            >
              <img
                alt="фото"
                height="300"
                src="Semenova.webp"
                width="300"
              />
            </div>
            <div
              class="role"
            >
              Project Manager
            </div>
            <div
              class="name"
            >
              <p>
                Татьяна Семёнова
              </p>
              <svg
                fill="none"
                height="10"
                viewBox="0 0 6 10"
                width="6"
                xmlns="http://www.w3.org/2000/svg"
              >
                <path
                  d="M0.999779 9.75002C0.807779 9.75002 0.61575 9.67705 0.46975 9.53005C0.17675 9.23705 0.17675 8.76202 0.46975 8.46902L3.93972 4.99905L0.46975 1.52908C0.17675 1.23608 0.17675 0.761041 0.46975 0.468041C0.76275 0.175041 1.23779 0.175041 1.53079 0.468041L5.53079 4.46804C5.82379 4.76104 5.82379 5.23608 5.53079 5.52908L1.53079 9.52908C1.38379 9.67708 1.19178 9.75002 0.999779 9.75002Z"
                  fill="#00002E"
                />
              </svg>
            </div>
          </div>
          <div
            class="about__staff-founders"
          >
            <div
              class="about__staff-founders-pic"
            >
              <img
                alt="фото"
                height="300"
                src="Krainov.webp"
                width="300"
              />
            </div>
            <div
              class="role"
            >
              Project Mentor
            </div>
            <div
              class="name"
            >
              <p>
                Кирилл Крайнов
              </p>
              <svg
                fill="none"
                height="10"
                viewBox="0 0 6 10"
                width="6"
                xmlns="http://www.w3.org/2000/svg"
              >
                <path
                  d="M0.999779 9.75002C0.807779 9.75002 0.61575 9.67705 0.46975 9.53005C0.17675 9.23705 0.17675 8.76202 0.46975 8.46902L3.93972 4.99905L0.46975 1.52908C0.17675 1.23608 0.17675 0.761041 0.46975 0.468041C0.76275 0.175041 1.23779 0.175041 1.53079 0.468041L5.53079 4.46804C5.82379 4.76104 5.82379 5.23608 5.53079 5.52908L1.53079 9.52908C1.38379 9.67708 1.19178 9.75002 0.999779 9.75002Z"
                  fill="#00002E"
                />
              </svg>
            </div>
          </div>
        </div>
        <h2>
          Разработчики
        </h2>
        <div
          class="about__staff-container"
        >
          <div
            class="about__staff-founders"
          >
            <div
              class="about__staff-founders-pic"
            >
              <img
                alt="фото"
                height="300"
                src="Fromm.webp"
                width="300"
              />
            </div>
            <div
              class="role"
            >
              UX/UI
            </div>
            <div
              class="name"
            >
              <p>
                Марк Игнатьев
              </p>
              <svg
                fill="none"
                height="10"
                viewBox="0 0 6 10"
                width="6"
                xmlns="http://www.w3.org/2000/svg"
              >
                <path
                  d="M0.999779 9.75002C0.807779 9.75002 0.61575 9.67705 0.46975 9.53005C0.17675 9.23705 0.17675 8.76202 0.46975 8.46902L3.93972 4.99905L0.46975 1.52908C0.17675 1.23608 0.17675 0.761041 0.46975 0.468041C0.76275 0.175041 1.23779 0.175041 1.53079 0.468041L5.53079 4.46804C5.82379 4.76104 5.82379 5.23608 5.53079 5.52908L1.53079 9.52908C1.38379 9.67708 1.19178 9.75002 0.999779 9.75002Z"
                  fill="#00002E"
                />
              </svg>
            </div>
          </div>
          <div
            class="about__staff-founders"
          >
            <div
              class="about__staff-founders-pic"
            >
              <img
                alt="фото"
                height="300"
                src="Vorobiova.webp"
                width="300"
              />
            </div>
            <div
              class="role"
            >
              Graphic Design
            </div>
            <div
              class="name"
            >
              <p>
                Дарья Воробьева
              </p>
              <svg
                fill="none"
                height="10"
                viewBox="0 0 6 10"
                width="6"
                xmlns="http://www.w3.org/2000/svg"
              >
                <path
                  d="M0.999779 9.75002C0.807779 9.75002 0.61575 9.67705 0.46975 9.53005C0.17675 9.23705 0.17675 8.76202 0.46975 8.46902L3.93972 4.99905L0.46975 1.52908C0.17675 1.23608 0.17675 0.761041 0.46975 0.468041C0.76275 0.175041 1.23779 0.175041 1.53079 0.468041L5.53079 4.46804C5.82379 4.76104 5.82379 5.23608 5.53079 5.52908L1.53079 9.52908C1.38379 9.67708 1.19178 9.75002 0.999779 9.75002Z"
                  fill="#00002E"
                />
              </svg>
            </div>
          </div>
          <div
            class="about__staff-founders"
          >
            <div
              class="about__staff-founders-pic"
            >
              <img
                alt="фото"
                height="300"
                src="Levin.webp"
                width="300"
              />
            </div>
            <div
              class="role"
            >
              Backend
            </div>
            <div
              class="name"
            >
              <p>
                Кирилл Левин
              </p>
              <svg
                fill="none"
                height="10"
                viewBox="0 0 6 10"
                width="6"
                xmlns="http://www.w3.org/2000/svg"
              >
                <path
                  d="M0.999779 9.75002C0.807779 9.75002 0.61575 9.67705 0.46975 9.53005C0.17675 9.23705 0.17675 8.76202 0.46975 8.46902L3.93972 4.99905L0.46975 1.52908C0.17675 1.23608 0.17675 0.761041 0.46975 0.468041C0.76275 0.175041 1.23779 0.175041 1.53079 0.468041L5.53079 4.46804C5.82379 4.76104 5.82379 5.23608 5.53079 5.52908L1.53079 9.52908C1.38379 9.67708 1.19178 9.75002 0.999779 9.75002Z"
                  fill="#00002E"
                />
              </svg>
            </div>
          </div>
          <div
            class="about__staff-founders"
          >
            <div
              class="about__staff-founders-pic"
            >
              <img
                alt="фото"
                height="300"
                src="Ershov.webp"
                width="300"
              />
            </div>
            <div
              class="role"
            >
              DevOps
            </div>
            <div
              class="name"
            >
              <p>
                Сергей Ершов
              </p>
              <svg
                fill="none"
                height="10"
                viewBox="0 0 6 10"
                width="6"
                xmlns="http://www.w3.org/2000/svg"
              >
                <path
                  d="M0.999779 9.75002C0.807779 9.75002 0.61575 9.67705 0.46975 9.53005C0.17675 9.23705 0.17675 8.76202 0.46975 8.46902L3.93972 4.99905L0.46975 1.52908C0.17675 1.23608 0.17675 0.761041 0.46975 0.468041C0.76275 0.175041 1.23779 0.175041 1.53079 0.468041L5.53079 4.46804C5.82379 4.76104 5.82379 5.23608 5.53079 5.52908L1.53079 9.52908C1.38379 9.67708 1.19178 9.75002 0.999779 9.75002Z"
                  fill="#00002E"
                />
              </svg>
            </div>
          </div>
          <div
            class="about__staff-founders"
          >
            <div
              class="about__staff-founders-pic"
            >
              <img
                alt="фото"
                height="300"
                src="Novikov.webp"
                width="300"
              />
            </div>
            <div
              class="role"
            >
              Backend
            </div>
            <div
              class="name"
            >
              <p>
                Вячеслав Новиков
              </p>
              <svg
                fill="none"
                height="10"
                viewBox="0 0 6 10"
                width="6"
                xmlns="http://www.w3.org/2000/svg"
              >
                <path
                  d="M0.999779 9.75002C0.807779 9.75002 0.61575 9.67705 0.46975 9.53005C0.17675 9.23705 0.17675 8.76202 0.46975 8.46902L3.93972 4.99905L0.46975 1.52908C0.17675 1.23608 0.17675 0.761041 0.46975 0.468041C0.76275 0.175041 1.23779 0.175041 1.53079 0.468041L5.53079 4.46804C5.82379 4.76104 5.82379 5.23608 5.53079 5.52908L1.53079 9.52908C1.38379 9.67708 1.19178 9.75002 0.999779 9.75002Z"
                  fill="#00002E"
                />
              </svg>
            </div>
          </div>
          <div
            class="about__staff-founders"
          >
            <div
              class="about__staff-founders-pic"
            >
              <img
                alt="фото"
                height="300"
                src="Makover.webp"
                width="300"
              />
            </div>
            <div
              class="role"
            >
              Backend
            </div>
            <div
              class="name"
            >
              <p>
                Андрей Маковер
              </p>
              <svg
                fill="none"
                height="10"
                viewBox="0 0 6 10"
                width="6"
                xmlns="http://www.w3.org/2000/svg"
              >
                <path
                  d="M0.999779 9.75002C0.807779 9.75002 0.61575 9.67705 0.46975 9.53005C0.17675 9.23705 0.17675 8.76202 0.46975 8.46902L3.93972 4.99905L0.46975 1.52908C0.17675 1.23608 0.17675 0.761041 0.46975 0.468041C0.76275 0.175041 1.23779 0.175041 1.53079 0.468041L5.53079 4.46804C5.82379 4.76104 5.82379 5.23608 5.53079 5.52908L1.53079 9.52908C1.38379 9.67708 1.19178 9.75002 0.999779 9.75002Z"
                  fill="#00002E"
                />
              </svg>
            </div>
          </div>
          <div
            class="about__staff-founders"
          >
            <div
              class="about__staff-founders-pic"
            >
              <img
                alt="фото"
                height="300"
                src="Rubaeva.webp"
                width="300"
              />
            </div>
            <div
              class="role"
            >
              Content Manager
            </div>
            <div
              class="name"
            >
              <p>
                Анастасия Рубаева
              </p>
              <svg
                fill="none"
                height="10"
                viewBox="0 0 6 10"
                width="6"
                xmlns="http://www.w3.org/2000/svg"
              >
                <path
                  d="M0.999779 9.75002C0.807779 9.75002 0.61575 9.67705 0.46975 9.53005C0.17675 9.23705 0.17675 8.76202 0.46975 8.46902L3.93972 4.99905L0.46975 1.52908C0.17675 1.23608 0.17675 0.761041 0.46975 0.468041C0.76275 0.175041 1.23779 0.175041 1.53079 0.468041L5.53079 4.46804C5.82379 4.76104 5.82379 5.23608 5.53079 5.52908L1.53079 9.52908C1.38379 9.67708 1.19178 9.75002 0.999779 9.75002Z"
                  fill="#00002E"
                />
              </svg>
            </div>
          </div>
          <div
            class="about__staff-founders"
          >
            <div
              class="about__staff-founders-pic"
            >
              <img
                alt="фото"
                height="300"
                src="Mosh.webp"
                width="300"
              />
            </div>
            <div
              class="role"
            >
              Frontend
            </div>
            <div
              class="name"
            >
              <p>
                Андрей Мощенко
              </p>
              <svg
                fill="none"
                height="10"
                viewBox="0 0 6 10"
                width="6"
                xmlns="http://www.w3.org/2000/svg"
              >
                <path
                  d="M0.999779 9.75002C0.807779 9.75002 0.61575 9.67705 0.46975 9.53005C0.17675 9.23705 0.17675 8.76202 0.46975 8.46902L3.93972 4.99905L0.46975 1.52908C0.17675 1.23608 0.17675 0.761041 0.46975 0.468041C0.76275 0.175041 1.23779 0.175041 1.53079 0.468041L5.53079 4.46804C5.82379 4.76104 5.82379 5.23608 5.53079 5.52908L1.53079 9.52908C1.38379 9.67708 1.19178 9.75002 0.999779 9.75002Z"
                  fill="#00002E"
                />
              </svg>
            </div>
          </div>
          <div
            class="about__staff-founders"
          >
            <div
              class="about__staff-founders-pic"
            >
              <img
                alt="фото"
                height="300"
                src="Ivanova.webp"
                width="300"
              />
            </div>
            <div
              class="role"
            >
              QA Tester
            </div>
            <div
              class="name"
            >
              <p>
                Юлия Иванова
              </p>
              <svg
                fill="none"
                height="10"
                viewBox="0 0 6 10"
                width="6"
                xmlns="http://www.w3.org/2000/svg"
              >
                <path
                  d="M0.999779 9.75002C0.807779 9.75002 0.61575 9.67705 0.46975 9.53005C0.17675 9.23705 0.17675 8.76202 0.46975 8.46902L3.93972 4.99905L0.46975 1.52908C0.17675 1.23608 0.17675 0.761041 0.46975 0.468041C0.76275 0.175041 1.23779 0.175041 1.53079 0.468041L5.53079 4.46804C5.82379 4.76104 5.82379 5.23608 5.53079 5.52908L1.53079 9.52908C1.38379 9.67708 1.19178 9.75002 0.999779 9.75002Z"
                  fill="#00002E"
                />
              </svg>
            </div>
          </div>
          <div
            class="about__staff-founders"
          >
            <div
              class="about__staff-founders-pic"
            >
              <img
                alt="фото"
                height="300"
                src="Sen.webp"
                width="300"
              />
            </div>
            <div
              class="role"
            >
              QA Tester
            </div>
            <div
              class="name"
            >
              <p>
                Денис Сеногноев
              </p>
              <svg
                fill="none"
                height="10"
                viewBox="0 0 6 10"
                width="6"
                xmlns="http://www.w3.org/2000/svg"
              >
                <path
                  d="M0.999779 9.75002C0.807779 9.75002 0.61575 9.67705 0.46975 9.53005C0.17675 9.23705 0.17675 8.76202 0.46975 8.46902L3.93972 4.99905L0.46975 1.52908C0.17675 1.23608 0.17675 0.761041 0.46975 0.468041C0.76275 0.175041 1.23779 0.175041 1.53079 0.468041L5.53079 4.46804C5.82379 4.76104 5.82379 5.23608 5.53079 5.52908L1.53079 9.52908C1.38379 9.67708 1.19178 9.75002 0.999779 9.75002Z"
                  fill="#00002E"
                />
              </svg>
            </div>
          </div>
        </div>
      </div>
    </div>
  </div>,
  "debug": [Function],
  "findAllByAltText": [Function],
  "findAllByDisplayValue": [Function],
  "findAllByLabelText": [Function],
  "findAllByPlaceholderText": [Function],
  "findAllByRole": [Function],
  "findAllByTestId": [Function],
  "findAllByText": [Function],
  "findAllByTitle": [Function],
  "findByAltText": [Function],
  "findByDisplayValue": [Function],
  "findByLabelText": [Function],
  "findByPlaceholderText": [Function],
  "findByRole": [Function],
  "findByTestId": [Function],
  "findByText": [Function],
  "findByTitle": [Function],
  "getAllByAltText": [Function],
  "getAllByDisplayValue": [Function],
  "getAllByLabelText": [Function],
  "getAllByPlaceholderText": [Function],
  "getAllByRole": [Function],
  "getAllByTestId": [Function],
  "getAllByText": [Function],
  "getAllByTitle": [Function],
  "getByAltText": [Function],
  "getByDisplayValue": [Function],
  "getByLabelText": [Function],
  "getByPlaceholderText": [Function],
  "getByRole": [Function],
  "getByTestId": [Function],
  "getByText": [Function],
  "getByTitle": [Function],
  "queryAllByAltText": [Function],
  "queryAllByDisplayValue": [Function],
  "queryAllByLabelText": [Function],
  "queryAllByPlaceholderText": [Function],
  "queryAllByRole": [Function],
  "queryAllByTestId": [Function],
  "queryAllByText": [Function],
  "queryAllByTitle": [Function],
  "queryByAltText": [Function],
  "queryByDisplayValue": [Function],
  "queryByLabelText": [Function],
  "queryByPlaceholderText": [Function],
  "queryByRole": [Function],
  "queryByTestId": [Function],
  "queryByText": [Function],
  "queryByTitle": [Function],
  "rerender": [Function],
  "unmount": [Function],
}
`;
